// Jest Snapshot v1, https://goo.gl/fbAQLP

exports[`Login Login component should match the snapshot 1`] = `
<form
  className="form-container"
  onSubmit={[Function]}
>
  <i
    className="fas fa-user-circle"
  />
  <div
    className="email-container"
  >
    <label
      htmlFor="email"
    >
      <i
        className="far fa-envelope"
      />
    </label>
    <input
      id="email"
      name="email"
      onChange={[Function]}
      placeholder="E-mail address"
      value=""
    />
  </div>
  <div
    className="password-container"
  >
    <label
      htmlFor="password"
    >
      <i
        className="fas fa-lock"
      />
    </label>
    <input
      id="password"
      name="password"
      onChange={[Function]}
      placeholder="Password"
      value=""
    />
  </div>
  <button
    className="login-btn"
  >
    LOGIN
  </button>
</form>
`;
