// Jest Snapshot v1, https://goo.gl/fbAQLP

exports[`MovieContain MovieContain component should match the snapshot with all data passed in 1`] = `
<div
  className="movie-card"
>
  <i
    className="fas fa-crown favorite-false"
    onClick={[Function]}
  />
  <Link
    replace={false}
    to="movies/297802"
  >
    <img
      alttext="Aquaman"
      className="movie-poster"
      src="https://image.tmdb.org/t/p/w500/5Kg76ldv7VxeX9YlcQXiowHgdX6.jpg"
    />
  </Link>
</div>
`;
