// Jest Snapshot v1, https://goo.gl/fbAQLP

exports[`Navigation Navigation component should match the snapshot 1`] = `
<nav
  className="guest-nav"
>
  <div>
    <NavLink
      activeClassName="active"
      aria-current="page"
      className="nav"
      to="/"
    >
      <i
        class="fas fa-home"
      />
       Home 
    </NavLink>
  </div>
  <div>
    <NavLink
      activeClassName="active"
      aria-current="page"
      className="nav"
      to="/login"
    >
      Login
    </NavLink>
    <NavLink
      activeClassName="active"
      aria-current="page"
      className="nav"
      to="/create-account"
    >
      Create Account
    </NavLink>
  </div>
</nav>
`;
